// Jest Snapshot v1, https://goo.gl/fbAQLP

exports[`\`<Shell />\` Should render component 1`] = `
<div>
  <div>
    <div
      class="sc-bdfCDU dvMobY"
    >
      <header
        class="sc-gsTDqH irWaMK"
      >
        Github search
      </header>
      <div>
        SearchBar
      </div>
      <div>
        ResultsList
      </div>
    </div>
  </div>
</div>
`;
